// Vitest Snapshot v1, https://vitest.dev/guide/snapshot.html

exports[`CREATOR_LEVEL_POLICY_V1 > policy snapshot matches expected definition 1`] = `
{
  "id": "creator@v1",
  "thresholds": [
    {
      "label": "Emerging",
      "max": 39,
      "min": 0,
    },
    {
      "label": "Growing",
      "max": 79,
      "min": 40,
    },
    {
      "label": "Established",
      "max": 119,
      "min": 80,
    },
    {
      "label": "Accomplished",
      "max": 169,
      "min": 120,
    },
    {
      "label": "Prominent",
      "max": 249,
      "min": 170,
    },
    {
      "label": "Elite",
      "max": Infinity,
      "min": 250,
    },
  ],
}
`;
